// Jest Snapshot v1, https://goo.gl/fbAQLP

exports[`Weather app renders correctly 1`] = `
<DocumentFragment>
  <div
    class="weather-app"
  >
    <h1>
      WEATHER
    </h1>
    <h2
      class="location-details"
    >
      , 
    </h2>
    <div
      class="search-form"
    >
      <input
        id="location-search"
        placeholder="Enter city"
        type="text"
        value=""
      />
      <button
        type="submit"
      >
         Search 
      </button>
    </div>
    <div
      class="forecast-summaries"
    />
  </div>
</DocumentFragment>
`;
