// Jest Snapshot v1, https://goo.gl/fbAQLP

exports[`SearchForm renders correctly 1`] = `
<DocumentFragment>
  <div
    class="search-form"
  >
    <input
      id="location-search"
      placeholder="City, Country"
      type="text"
      value=""
    />
    <button
      type="submit"
    >
       Search 
    </button>
  </div>
</DocumentFragment>
`;
